// Jest Snapshot v1, https://goo.gl/fbAQLP

exports[`Components Analytics should render without errors 1`] = `null`;
