// Jest Snapshot v1, https://goo.gl/fbAQLP

exports[`Components AppProvider should render without errors 1`] = `
<div
  className=""
/>
`;
