// Jest Snapshot v1, https://goo.gl/fbAQLP

exports[`Components GlobalContainer should render without errors 1`] = `
<div
  className="flex min-h-screen flex-col"
/>
`;
